Copyright 1986-2021 Xilinx, Inc. All Rights Reserved.
------------------------------------------------------------------------------------------------------------------------------------------------------------------------------------------------------------------------
| Tool Version : Vivado v.2021.1 (lin64) Build 3247384 Thu Jun 10 19:36:07 MDT 2021
| Date         : Wed Jan 12 01:06:51 2022
| Host         : TFG-VirtualBox running 64-bit Ubuntu 20.04.3 LTS
| Command      : report_bus_skew -warn_on_violation -file AES256_system_design6_wrapper_bus_skew_routed.rpt -pb AES256_system_design6_wrapper_bus_skew_routed.pb -rpx AES256_system_design6_wrapper_bus_skew_routed.rpx
| Design       : AES256_system_design6_wrapper
| Device       : 7z020-clg484
| Speed File   : -1  PRODUCTION 1.12 2019-11-22
------------------------------------------------------------------------------------------------------------------------------------------------------------------------------------------------------------------------

Bus Skew Report

No bus skew constraints

