Copyright 1986-2021 Xilinx, Inc. All Rights Reserved.
------------------------------------------------------------------------------------------------------------------------------------------------------------------------------
| Tool Version : Vivado v.2021.1 (lin64) Build 3247384 Thu Jun 10 19:36:07 MDT 2021
| Date         : Wed Jan 12 01:05:41 2022
| Host         : TFG-VirtualBox running 64-bit Ubuntu 20.04.3 LTS
| Command      : report_drc -file AES256_system_design6_wrapper_drc_opted.rpt -pb AES256_system_design6_wrapper_drc_opted.pb -rpx AES256_system_design6_wrapper_drc_opted.rpx
| Design       : AES256_system_design6_wrapper
| Device       : xc7z020clg484-1
| Speed File   : -1
| Design State : Synthesized
------------------------------------------------------------------------------------------------------------------------------------------------------------------------------

Report DRC

Table of Contents
-----------------
1. REPORT SUMMARY
2. REPORT DETAILS

1. REPORT SUMMARY
-----------------
            Netlist: netlist
          Floorplan: design_1
      Design limits: <entire design considered>
           Ruledeck: default
             Max violations: <unlimited>
             Violations found: 21
+-----------+----------+----------------------------+------------+
| Rule      | Severity | Description                | Violations |
+-----------+----------+----------------------------+------------+
| CHECK-3   | Warning  | Report rule limit reached  | 1          |
| REQP-1840 | Warning  | RAMB18 async control check | 20         |
+-----------+----------+----------------------------+------------+

2. REPORT DETAILS
-----------------
CHECK-3#1 Warning
Report rule limit reached  
REQP-1840 rule limit reached: 20 violations have been found.
Related violations: <none>

REQP-1840#1 Warning
RAMB18 async control check  
The RAMB18E1 AES256_system_design6_i/AES256_device_IP_0/inst/AES256_device_IP_v1_0_S00_AXI_inst/device/encrypter/rom_Sbox/outp_romSbox_reg has an input control pin AES256_system_design6_i/AES256_device_IP_0/inst/AES256_device_IP_v1_0_S00_AXI_inst/device/encrypter/rom_Sbox/outp_romSbox_reg/ADDRARDADDR[11] (net: AES256_system_design6_i/AES256_device_IP_0/inst/AES256_device_IP_v1_0_S00_AXI_inst/device/encrypter/rom_Sbox/ADDRARDADDR[7]) which is driven by a register (AES256_system_design6_i/AES256_device_IP_0/inst/AES256_device_IP_v1_0_S00_AXI_inst/device/encrypter/reg16_3/aux_reg[0][7]) that has an active asychronous set or reset. This may cause corruption of the memory contents and/or read values when the set/reset is asserted and is not analyzed by the default static timing analysis. It is suggested to eliminate the use of a set/reset to registers driving this RAMB pin or else use a synchronous reset in which the assertion of the reset is timed by default.
Related violations: <none>

REQP-1840#2 Warning
RAMB18 async control check  
The RAMB18E1 AES256_system_design6_i/AES256_device_IP_0/inst/AES256_device_IP_v1_0_S00_AXI_inst/device/encrypter/rom_Sbox/outp_romSbox_reg has an input control pin AES256_system_design6_i/AES256_device_IP_0/inst/AES256_device_IP_v1_0_S00_AXI_inst/device/encrypter/rom_Sbox/outp_romSbox_reg/ADDRARDADDR[11] (net: AES256_system_design6_i/AES256_device_IP_0/inst/AES256_device_IP_v1_0_S00_AXI_inst/device/encrypter/rom_Sbox/ADDRARDADDR[7]) which is driven by a register (AES256_system_design6_i/AES256_device_IP_0/inst/AES256_device_IP_v1_0_S00_AXI_inst/device/encrypter/reg16_3/aux_reg[10][7]) that has an active asychronous set or reset. This may cause corruption of the memory contents and/or read values when the set/reset is asserted and is not analyzed by the default static timing analysis. It is suggested to eliminate the use of a set/reset to registers driving this RAMB pin or else use a synchronous reset in which the assertion of the reset is timed by default.
Related violations: <none>

REQP-1840#3 Warning
RAMB18 async control check  
The RAMB18E1 AES256_system_design6_i/AES256_device_IP_0/inst/AES256_device_IP_v1_0_S00_AXI_inst/device/encrypter/rom_Sbox/outp_romSbox_reg has an input control pin AES256_system_design6_i/AES256_device_IP_0/inst/AES256_device_IP_v1_0_S00_AXI_inst/device/encrypter/rom_Sbox/outp_romSbox_reg/ADDRARDADDR[11] (net: AES256_system_design6_i/AES256_device_IP_0/inst/AES256_device_IP_v1_0_S00_AXI_inst/device/encrypter/rom_Sbox/ADDRARDADDR[7]) which is driven by a register (AES256_system_design6_i/AES256_device_IP_0/inst/AES256_device_IP_v1_0_S00_AXI_inst/device/encrypter/reg16_3/aux_reg[11][7]) that has an active asychronous set or reset. This may cause corruption of the memory contents and/or read values when the set/reset is asserted and is not analyzed by the default static timing analysis. It is suggested to eliminate the use of a set/reset to registers driving this RAMB pin or else use a synchronous reset in which the assertion of the reset is timed by default.
Related violations: <none>

REQP-1840#4 Warning
RAMB18 async control check  
The RAMB18E1 AES256_system_design6_i/AES256_device_IP_0/inst/AES256_device_IP_v1_0_S00_AXI_inst/device/encrypter/rom_Sbox/outp_romSbox_reg has an input control pin AES256_system_design6_i/AES256_device_IP_0/inst/AES256_device_IP_v1_0_S00_AXI_inst/device/encrypter/rom_Sbox/outp_romSbox_reg/ADDRARDADDR[11] (net: AES256_system_design6_i/AES256_device_IP_0/inst/AES256_device_IP_v1_0_S00_AXI_inst/device/encrypter/rom_Sbox/ADDRARDADDR[7]) which is driven by a register (AES256_system_design6_i/AES256_device_IP_0/inst/AES256_device_IP_v1_0_S00_AXI_inst/device/encrypter/reg16_3/aux_reg[12][7]) that has an active asychronous set or reset. This may cause corruption of the memory contents and/or read values when the set/reset is asserted and is not analyzed by the default static timing analysis. It is suggested to eliminate the use of a set/reset to registers driving this RAMB pin or else use a synchronous reset in which the assertion of the reset is timed by default.
Related violations: <none>

REQP-1840#5 Warning
RAMB18 async control check  
The RAMB18E1 AES256_system_design6_i/AES256_device_IP_0/inst/AES256_device_IP_v1_0_S00_AXI_inst/device/encrypter/rom_Sbox/outp_romSbox_reg has an input control pin AES256_system_design6_i/AES256_device_IP_0/inst/AES256_device_IP_v1_0_S00_AXI_inst/device/encrypter/rom_Sbox/outp_romSbox_reg/ADDRARDADDR[11] (net: AES256_system_design6_i/AES256_device_IP_0/inst/AES256_device_IP_v1_0_S00_AXI_inst/device/encrypter/rom_Sbox/ADDRARDADDR[7]) which is driven by a register (AES256_system_design6_i/AES256_device_IP_0/inst/AES256_device_IP_v1_0_S00_AXI_inst/device/encrypter/reg16_3/aux_reg[13][7]) that has an active asychronous set or reset. This may cause corruption of the memory contents and/or read values when the set/reset is asserted and is not analyzed by the default static timing analysis. It is suggested to eliminate the use of a set/reset to registers driving this RAMB pin or else use a synchronous reset in which the assertion of the reset is timed by default.
Related violations: <none>

REQP-1840#6 Warning
RAMB18 async control check  
The RAMB18E1 AES256_system_design6_i/AES256_device_IP_0/inst/AES256_device_IP_v1_0_S00_AXI_inst/device/encrypter/rom_Sbox/outp_romSbox_reg has an input control pin AES256_system_design6_i/AES256_device_IP_0/inst/AES256_device_IP_v1_0_S00_AXI_inst/device/encrypter/rom_Sbox/outp_romSbox_reg/ADDRARDADDR[11] (net: AES256_system_design6_i/AES256_device_IP_0/inst/AES256_device_IP_v1_0_S00_AXI_inst/device/encrypter/rom_Sbox/ADDRARDADDR[7]) which is driven by a register (AES256_system_design6_i/AES256_device_IP_0/inst/AES256_device_IP_v1_0_S00_AXI_inst/device/encrypter/reg16_3/aux_reg[14][7]) that has an active asychronous set or reset. This may cause corruption of the memory contents and/or read values when the set/reset is asserted and is not analyzed by the default static timing analysis. It is suggested to eliminate the use of a set/reset to registers driving this RAMB pin or else use a synchronous reset in which the assertion of the reset is timed by default.
Related violations: <none>

REQP-1840#7 Warning
RAMB18 async control check  
The RAMB18E1 AES256_system_design6_i/AES256_device_IP_0/inst/AES256_device_IP_v1_0_S00_AXI_inst/device/encrypter/rom_Sbox/outp_romSbox_reg has an input control pin AES256_system_design6_i/AES256_device_IP_0/inst/AES256_device_IP_v1_0_S00_AXI_inst/device/encrypter/rom_Sbox/outp_romSbox_reg/ADDRARDADDR[11] (net: AES256_system_design6_i/AES256_device_IP_0/inst/AES256_device_IP_v1_0_S00_AXI_inst/device/encrypter/rom_Sbox/ADDRARDADDR[7]) which is driven by a register (AES256_system_design6_i/AES256_device_IP_0/inst/AES256_device_IP_v1_0_S00_AXI_inst/device/encrypter/reg16_3/aux_reg[15][7]) that has an active asychronous set or reset. This may cause corruption of the memory contents and/or read values when the set/reset is asserted and is not analyzed by the default static timing analysis. It is suggested to eliminate the use of a set/reset to registers driving this RAMB pin or else use a synchronous reset in which the assertion of the reset is timed by default.
Related violations: <none>

REQP-1840#8 Warning
RAMB18 async control check  
The RAMB18E1 AES256_system_design6_i/AES256_device_IP_0/inst/AES256_device_IP_v1_0_S00_AXI_inst/device/encrypter/rom_Sbox/outp_romSbox_reg has an input control pin AES256_system_design6_i/AES256_device_IP_0/inst/AES256_device_IP_v1_0_S00_AXI_inst/device/encrypter/rom_Sbox/outp_romSbox_reg/ADDRARDADDR[11] (net: AES256_system_design6_i/AES256_device_IP_0/inst/AES256_device_IP_v1_0_S00_AXI_inst/device/encrypter/rom_Sbox/ADDRARDADDR[7]) which is driven by a register (AES256_system_design6_i/AES256_device_IP_0/inst/AES256_device_IP_v1_0_S00_AXI_inst/device/encrypter/reg16_3/aux_reg[1][7]) that has an active asychronous set or reset. This may cause corruption of the memory contents and/or read values when the set/reset is asserted and is not analyzed by the default static timing analysis. It is suggested to eliminate the use of a set/reset to registers driving this RAMB pin or else use a synchronous reset in which the assertion of the reset is timed by default.
Related violations: <none>

REQP-1840#9 Warning
RAMB18 async control check  
The RAMB18E1 AES256_system_design6_i/AES256_device_IP_0/inst/AES256_device_IP_v1_0_S00_AXI_inst/device/encrypter/rom_Sbox/outp_romSbox_reg has an input control pin AES256_system_design6_i/AES256_device_IP_0/inst/AES256_device_IP_v1_0_S00_AXI_inst/device/encrypter/rom_Sbox/outp_romSbox_reg/ADDRARDADDR[11] (net: AES256_system_design6_i/AES256_device_IP_0/inst/AES256_device_IP_v1_0_S00_AXI_inst/device/encrypter/rom_Sbox/ADDRARDADDR[7]) which is driven by a register (AES256_system_design6_i/AES256_device_IP_0/inst/AES256_device_IP_v1_0_S00_AXI_inst/device/encrypter/reg16_3/aux_reg[2][7]) that has an active asychronous set or reset. This may cause corruption of the memory contents and/or read values when the set/reset is asserted and is not analyzed by the default static timing analysis. It is suggested to eliminate the use of a set/reset to registers driving this RAMB pin or else use a synchronous reset in which the assertion of the reset is timed by default.
Related violations: <none>

REQP-1840#10 Warning
RAMB18 async control check  
The RAMB18E1 AES256_system_design6_i/AES256_device_IP_0/inst/AES256_device_IP_v1_0_S00_AXI_inst/device/encrypter/rom_Sbox/outp_romSbox_reg has an input control pin AES256_system_design6_i/AES256_device_IP_0/inst/AES256_device_IP_v1_0_S00_AXI_inst/device/encrypter/rom_Sbox/outp_romSbox_reg/ADDRARDADDR[11] (net: AES256_system_design6_i/AES256_device_IP_0/inst/AES256_device_IP_v1_0_S00_AXI_inst/device/encrypter/rom_Sbox/ADDRARDADDR[7]) which is driven by a register (AES256_system_design6_i/AES256_device_IP_0/inst/AES256_device_IP_v1_0_S00_AXI_inst/device/encrypter/reg16_3/aux_reg[3][7]) that has an active asychronous set or reset. This may cause corruption of the memory contents and/or read values when the set/reset is asserted and is not analyzed by the default static timing analysis. It is suggested to eliminate the use of a set/reset to registers driving this RAMB pin or else use a synchronous reset in which the assertion of the reset is timed by default.
Related violations: <none>

REQP-1840#11 Warning
RAMB18 async control check  
The RAMB18E1 AES256_system_design6_i/AES256_device_IP_0/inst/AES256_device_IP_v1_0_S00_AXI_inst/device/encrypter/rom_Sbox/outp_romSbox_reg has an input control pin AES256_system_design6_i/AES256_device_IP_0/inst/AES256_device_IP_v1_0_S00_AXI_inst/device/encrypter/rom_Sbox/outp_romSbox_reg/ADDRARDADDR[11] (net: AES256_system_design6_i/AES256_device_IP_0/inst/AES256_device_IP_v1_0_S00_AXI_inst/device/encrypter/rom_Sbox/ADDRARDADDR[7]) which is driven by a register (AES256_system_design6_i/AES256_device_IP_0/inst/AES256_device_IP_v1_0_S00_AXI_inst/device/encrypter/reg16_3/aux_reg[4][7]) that has an active asychronous set or reset. This may cause corruption of the memory contents and/or read values when the set/reset is asserted and is not analyzed by the default static timing analysis. It is suggested to eliminate the use of a set/reset to registers driving this RAMB pin or else use a synchronous reset in which the assertion of the reset is timed by default.
Related violations: <none>

REQP-1840#12 Warning
RAMB18 async control check  
The RAMB18E1 AES256_system_design6_i/AES256_device_IP_0/inst/AES256_device_IP_v1_0_S00_AXI_inst/device/encrypter/rom_Sbox/outp_romSbox_reg has an input control pin AES256_system_design6_i/AES256_device_IP_0/inst/AES256_device_IP_v1_0_S00_AXI_inst/device/encrypter/rom_Sbox/outp_romSbox_reg/ADDRARDADDR[11] (net: AES256_system_design6_i/AES256_device_IP_0/inst/AES256_device_IP_v1_0_S00_AXI_inst/device/encrypter/rom_Sbox/ADDRARDADDR[7]) which is driven by a register (AES256_system_design6_i/AES256_device_IP_0/inst/AES256_device_IP_v1_0_S00_AXI_inst/device/encrypter/reg16_3/aux_reg[5][7]) that has an active asychronous set or reset. This may cause corruption of the memory contents and/or read values when the set/reset is asserted and is not analyzed by the default static timing analysis. It is suggested to eliminate the use of a set/reset to registers driving this RAMB pin or else use a synchronous reset in which the assertion of the reset is timed by default.
Related violations: <none>

REQP-1840#13 Warning
RAMB18 async control check  
The RAMB18E1 AES256_system_design6_i/AES256_device_IP_0/inst/AES256_device_IP_v1_0_S00_AXI_inst/device/encrypter/rom_Sbox/outp_romSbox_reg has an input control pin AES256_system_design6_i/AES256_device_IP_0/inst/AES256_device_IP_v1_0_S00_AXI_inst/device/encrypter/rom_Sbox/outp_romSbox_reg/ADDRARDADDR[11] (net: AES256_system_design6_i/AES256_device_IP_0/inst/AES256_device_IP_v1_0_S00_AXI_inst/device/encrypter/rom_Sbox/ADDRARDADDR[7]) which is driven by a register (AES256_system_design6_i/AES256_device_IP_0/inst/AES256_device_IP_v1_0_S00_AXI_inst/device/encrypter/reg16_3/aux_reg[6][7]) that has an active asychronous set or reset. This may cause corruption of the memory contents and/or read values when the set/reset is asserted and is not analyzed by the default static timing analysis. It is suggested to eliminate the use of a set/reset to registers driving this RAMB pin or else use a synchronous reset in which the assertion of the reset is timed by default.
Related violations: <none>

REQP-1840#14 Warning
RAMB18 async control check  
The RAMB18E1 AES256_system_design6_i/AES256_device_IP_0/inst/AES256_device_IP_v1_0_S00_AXI_inst/device/encrypter/rom_Sbox/outp_romSbox_reg has an input control pin AES256_system_design6_i/AES256_device_IP_0/inst/AES256_device_IP_v1_0_S00_AXI_inst/device/encrypter/rom_Sbox/outp_romSbox_reg/ADDRARDADDR[11] (net: AES256_system_design6_i/AES256_device_IP_0/inst/AES256_device_IP_v1_0_S00_AXI_inst/device/encrypter/rom_Sbox/ADDRARDADDR[7]) which is driven by a register (AES256_system_design6_i/AES256_device_IP_0/inst/AES256_device_IP_v1_0_S00_AXI_inst/device/encrypter/reg16_3/aux_reg[7][7]) that has an active asychronous set or reset. This may cause corruption of the memory contents and/or read values when the set/reset is asserted and is not analyzed by the default static timing analysis. It is suggested to eliminate the use of a set/reset to registers driving this RAMB pin or else use a synchronous reset in which the assertion of the reset is timed by default.
Related violations: <none>

REQP-1840#15 Warning
RAMB18 async control check  
The RAMB18E1 AES256_system_design6_i/AES256_device_IP_0/inst/AES256_device_IP_v1_0_S00_AXI_inst/device/encrypter/rom_Sbox/outp_romSbox_reg has an input control pin AES256_system_design6_i/AES256_device_IP_0/inst/AES256_device_IP_v1_0_S00_AXI_inst/device/encrypter/rom_Sbox/outp_romSbox_reg/ADDRARDADDR[11] (net: AES256_system_design6_i/AES256_device_IP_0/inst/AES256_device_IP_v1_0_S00_AXI_inst/device/encrypter/rom_Sbox/ADDRARDADDR[7]) which is driven by a register (AES256_system_design6_i/AES256_device_IP_0/inst/AES256_device_IP_v1_0_S00_AXI_inst/device/encrypter/reg16_3/aux_reg[8][7]) that has an active asychronous set or reset. This may cause corruption of the memory contents and/or read values when the set/reset is asserted and is not analyzed by the default static timing analysis. It is suggested to eliminate the use of a set/reset to registers driving this RAMB pin or else use a synchronous reset in which the assertion of the reset is timed by default.
Related violations: <none>

REQP-1840#16 Warning
RAMB18 async control check  
The RAMB18E1 AES256_system_design6_i/AES256_device_IP_0/inst/AES256_device_IP_v1_0_S00_AXI_inst/device/encrypter/rom_Sbox/outp_romSbox_reg has an input control pin AES256_system_design6_i/AES256_device_IP_0/inst/AES256_device_IP_v1_0_S00_AXI_inst/device/encrypter/rom_Sbox/outp_romSbox_reg/ADDRARDADDR[11] (net: AES256_system_design6_i/AES256_device_IP_0/inst/AES256_device_IP_v1_0_S00_AXI_inst/device/encrypter/rom_Sbox/ADDRARDADDR[7]) which is driven by a register (AES256_system_design6_i/AES256_device_IP_0/inst/AES256_device_IP_v1_0_S00_AXI_inst/device/encrypter/reg16_3/aux_reg[9][7]) that has an active asychronous set or reset. This may cause corruption of the memory contents and/or read values when the set/reset is asserted and is not analyzed by the default static timing analysis. It is suggested to eliminate the use of a set/reset to registers driving this RAMB pin or else use a synchronous reset in which the assertion of the reset is timed by default.
Related violations: <none>

REQP-1840#17 Warning
RAMB18 async control check  
The RAMB18E1 AES256_system_design6_i/AES256_device_IP_0/inst/AES256_device_IP_v1_0_S00_AXI_inst/device/encrypter/rom_Sbox/outp_romSbox_reg has an input control pin AES256_system_design6_i/AES256_device_IP_0/inst/AES256_device_IP_v1_0_S00_AXI_inst/device/encrypter/rom_Sbox/outp_romSbox_reg/ADDRARDADDR[11] (net: AES256_system_design6_i/AES256_device_IP_0/inst/AES256_device_IP_v1_0_S00_AXI_inst/device/encrypter/rom_Sbox/ADDRARDADDR[7]) which is driven by a register (AES256_system_design6_i/AES256_device_IP_0/inst/AES256_device_IP_v1_0_S00_AXI_inst/device/encrypter/reg16_3/n_read_reg[0]) that has an active asychronous set or reset. This may cause corruption of the memory contents and/or read values when the set/reset is asserted and is not analyzed by the default static timing analysis. It is suggested to eliminate the use of a set/reset to registers driving this RAMB pin or else use a synchronous reset in which the assertion of the reset is timed by default.
Related violations: <none>

REQP-1840#18 Warning
RAMB18 async control check  
The RAMB18E1 AES256_system_design6_i/AES256_device_IP_0/inst/AES256_device_IP_v1_0_S00_AXI_inst/device/encrypter/rom_Sbox/outp_romSbox_reg has an input control pin AES256_system_design6_i/AES256_device_IP_0/inst/AES256_device_IP_v1_0_S00_AXI_inst/device/encrypter/rom_Sbox/outp_romSbox_reg/ADDRARDADDR[11] (net: AES256_system_design6_i/AES256_device_IP_0/inst/AES256_device_IP_v1_0_S00_AXI_inst/device/encrypter/rom_Sbox/ADDRARDADDR[7]) which is driven by a register (AES256_system_design6_i/AES256_device_IP_0/inst/AES256_device_IP_v1_0_S00_AXI_inst/device/encrypter/reg16_3/n_read_reg[1]) that has an active asychronous set or reset. This may cause corruption of the memory contents and/or read values when the set/reset is asserted and is not analyzed by the default static timing analysis. It is suggested to eliminate the use of a set/reset to registers driving this RAMB pin or else use a synchronous reset in which the assertion of the reset is timed by default.
Related violations: <none>

REQP-1840#19 Warning
RAMB18 async control check  
The RAMB18E1 AES256_system_design6_i/AES256_device_IP_0/inst/AES256_device_IP_v1_0_S00_AXI_inst/device/encrypter/rom_Sbox/outp_romSbox_reg has an input control pin AES256_system_design6_i/AES256_device_IP_0/inst/AES256_device_IP_v1_0_S00_AXI_inst/device/encrypter/rom_Sbox/outp_romSbox_reg/ADDRARDADDR[11] (net: AES256_system_design6_i/AES256_device_IP_0/inst/AES256_device_IP_v1_0_S00_AXI_inst/device/encrypter/rom_Sbox/ADDRARDADDR[7]) which is driven by a register (AES256_system_design6_i/AES256_device_IP_0/inst/AES256_device_IP_v1_0_S00_AXI_inst/device/encrypter/reg16_3/n_read_reg[2]) that has an active asychronous set or reset. This may cause corruption of the memory contents and/or read values when the set/reset is asserted and is not analyzed by the default static timing analysis. It is suggested to eliminate the use of a set/reset to registers driving this RAMB pin or else use a synchronous reset in which the assertion of the reset is timed by default.
Related violations: <none>

REQP-1840#20 Warning
RAMB18 async control check  
The RAMB18E1 AES256_system_design6_i/AES256_device_IP_0/inst/AES256_device_IP_v1_0_S00_AXI_inst/device/encrypter/rom_Sbox/outp_romSbox_reg has an input control pin AES256_system_design6_i/AES256_device_IP_0/inst/AES256_device_IP_v1_0_S00_AXI_inst/device/encrypter/rom_Sbox/outp_romSbox_reg/ADDRARDADDR[11] (net: AES256_system_design6_i/AES256_device_IP_0/inst/AES256_device_IP_v1_0_S00_AXI_inst/device/encrypter/rom_Sbox/ADDRARDADDR[7]) which is driven by a register (AES256_system_design6_i/AES256_device_IP_0/inst/AES256_device_IP_v1_0_S00_AXI_inst/device/encrypter/reg16_3/n_read_reg[3]) that has an active asychronous set or reset. This may cause corruption of the memory contents and/or read values when the set/reset is asserted and is not analyzed by the default static timing analysis. It is suggested to eliminate the use of a set/reset to registers driving this RAMB pin or else use a synchronous reset in which the assertion of the reset is timed by default.
Related violations: <none>


