#-----------------------------------------------------------
# Webtalk v2021.1 (64-bit)
# SW Build 3247384 on Thu Jun 10 19:36:07 MDT 2021
# IP Build 3246043 on Fri Jun 11 00:30:35 MDT 2021
# Start of session at: Sat Sep  4 12:44:35 2021
# Process ID: 13301
# Current directory: /home/adrian/Desktop/AES256-HW-Accelerator/Vivado_projects/reg16/reg16.sim/sim_1/behav/xsim
# Command line: wbtcv -mode batch -source /home/adrian/Desktop/AES256-HW-Accelerator/Vivado_projects/reg16/reg16.sim/sim_1/behav/xsim/xsim.dir/tb_mod_reg16_4to16_behav/webtalk/xsim_webtalk.tcl -notrace
# Log file: /home/adrian/Desktop/AES256-HW-Accelerator/Vivado_projects/reg16/reg16.sim/sim_1/behav/xsim/webtalk.log
# Journal file: /home/adrian/Desktop/AES256-HW-Accelerator/Vivado_projects/reg16/reg16.sim/sim_1/behav/xsim/webtalk.jou
#-----------------------------------------------------------
source /home/adrian/Desktop/AES256-HW-Accelerator/Vivado_projects/reg16/reg16.sim/sim_1/behav/xsim/xsim.dir/tb_mod_reg16_4to16_behav/webtalk/xsim_webtalk.tcl -notrace
