#-----------------------------------------------------------
# Vivado v2021.1 (64-bit)
# SW Build 3247384 on Thu Jun 10 19:36:07 MDT 2021
# IP Build 3246043 on Fri Jun 11 00:30:35 MDT 2021
# Start of session at: Wed Dec  1 18:59:10 2021
# Process ID: 32606
# Current directory: /home/adrian/Desktop/AES256-HW-Accelerator/Vivado_projects/testBlockDesign/testBlockDesign.runs/testBD_AES256_encrypt_IP_0_0_synth_1
# Command line: vivado -log testBD_AES256_encrypt_IP_0_0.vds -product Vivado -mode batch -messageDb vivado.pb -notrace -source testBD_AES256_encrypt_IP_0_0.tcl
# Log file: /home/adrian/Desktop/AES256-HW-Accelerator/Vivado_projects/testBlockDesign/testBlockDesign.runs/testBD_AES256_encrypt_IP_0_0_synth_1/testBD_AES256_encrypt_IP_0_0.vds
# Journal file: /home/adrian/Desktop/AES256-HW-Accelerator/Vivado_projects/testBlockDesign/testBlockDesign.runs/testBD_AES256_encrypt_IP_0_0_synth_1/vivado.jou
#-----------------------------------------------------------
source testBD_AES256_encrypt_IP_0_0.tcl -notrace
